// Jest Snapshot v1, https://goo.gl/fbAQLP

exports[`renders the RecipesListItem component correctly 1`] = `
<div>
  <div>
    <a
      class="ItemContainer"
      href="/recipe/11"
    >
      <div>
        <figure
          class="recipe__fig"
        >
          <img
            alt="Cream of Mushroom Soup"
            src="https://www.budgetbytes.com/wp-content/uploads/2017/09/Creamy-Garlic-Mushroom-Soup-spoon.jpg"
          />
        </figure>
      </div>
      <div>
        <h4
          class="recipe__name"
        >
          Cream of Mushroom Soup
        </h4>
      </div>
    </a>
  </div>
</div>
`;
