// Jest Snapshot v1, https://goo.gl/fbAQLP

exports[`renders the Detail component correctly 1`] = `
<div>
  <div>
    <div>
      <div
        class="recipeContainer"
      >
        <div
          class="Recipe_part"
        >
          <img
            alt="Mexican Chicken Corn Chowder"
            class="recipeImg"
            src="https://myfoodstory.com/wp-content/uploads/2017/11/Instant-Pot-Chicken-Potato-Corn-Chowder-with-Bacon-Pressure-Cooker-Recipe-2.jpg"
          />
          <h1
            class="recipeName"
          >
            Mexican Chicken Corn Chowder
          </h1>
          <p
            class="recipeDescription"
          >
            A creamy, cheesy, veggie and chicken filled soup that's layered with Mexican flavors.
          </p>
          <h2
            class="recipeTitle"
          >
            Ingredients
          </h2>
          <p
            class="recipeIngredients"
          >
            1-1/2 pounds boneless skinless chicken breasts, 1/2 cup chopped onion, 3 tablespoons butter, 1 to 2 garlic cloves, 1 cup hot water, 2 teaspoons chicken bouillon granules, 1/2 to 1 teaspoon ground cumin, 2 cups half-and-half cream, 2 cups shredded Monterey Jack cheese, 1 can (14-3/4 ounces) cream-style corn, 1 can (4 ounces) chopped green chiles, 1/4 to 1 teaspoon hot pepper sauce, 1 medium tomato
          </p>
          <h2
            class="recipeTitle"
          >
            Cooking Directions
          </h2>
          <p
            class="recipeDetail"
          />
          <p
            class="recipeDetail"
          />
          <p
            class="box"
          >
            <a
              class="catBackLink"
              href="/category/1"
            >
              &lt; Back to 
              Soup
               Page
            </a>
            <a
              class="recipeBackLink"
              href="/recipes"
            >
              Back to All Recipes Page &gt;
            </a>
          </p>
        </div>
      </div>
    </div>
  </div>
</div>
`;
