// Jest Snapshot v1, https://goo.gl/fbAQLP

exports[`renders the Category component correctly 1`] = `
<div>
  <div>
    <div>
      You have no data!
    </div>
  </div>
</div>
`;
