// Jest Snapshot v1, https://goo.gl/fbAQLP

exports[`renders the AllCategory component correctly 1`] = `
<div>
  <div
    class="allCatContainer"
  >
    <h2
      class="allCatDetail"
    >
      Pick the categories you would like to explore!
    </h2>
    <div
      class="ListContainer"
    >
      <div
        class="container"
      >
        <a
          class="styleCategories"
          href="/category/Soup"
        >
          <p
            class="allCategoryTypes"
          >
            Soup
          </p>
        </a>
        <a
          class="styleCategories"
          href="/category/Appetizer"
        >
          <p
            class="allCategoryTypes"
          >
            Appetizer
          </p>
        </a>
        <a
          class="styleCategories"
          href="/category/Snack"
        >
          <p
            class="allCategoryTypes"
          >
            Snack
          </p>
        </a>
        <a
          class="styleCategories"
          href="/category/Main-Course"
        >
          <p
            class="allCategoryTypes"
          >
            Main Course
          </p>
        </a>
        <a
          class="styleCategories"
          href="/category/Dessert"
        >
          <p
            class="allCategoryTypes"
          >
            Dessert
          </p>
        </a>
      </div>
    </div>
    <img
      alt="categories"
      class="allCatImg"
      src="https://c0.wallpaperflare.com/preview/301/367/805/black-bean-close-up-cooked-cuisine.jpg"
    />
  </div>
</div>
`;
