// Jest Snapshot v1, https://goo.gl/fbAQLP

exports[`AboutUs tests renders correctly 1`] = `<div />`;
