// Jest Snapshot v1, https://goo.gl/fbAQLP

exports[`renders the DetailItem component correctly 1`] = `
<div>
  <div
    class="recipeContainer"
  >
    <div
      class="Recipe_part"
    >
      <p
        class="box"
      >
        <a
          class="catBackLink"
          href="/category/1"
        >
           &lt; Back to 
          Soup
           Page
        </a>
        <a
          class="recipeBackLink"
          href="/recipes"
        >
          Back to All Recipes Page &gt;
        </a>
      </p>
      <img
        alt="Cream of Mushroom Soup"
        class="recipeImg"
        src="https://www.budgetbytes.com/wp-content/uploads/2017/09/Creamy-Garlic-Mushroom-Soup-spoon.jpg"
      />
      <h1
        class="recipeName"
      >
        Cream of Mushroom Soup
      </h1>
      <p
        class="recipeDescription"
      >
        A simple type of soup where a basic roux is thinned with cream or milk and then mushrooms and/or mushroom broth are added.
      </p>
      <h2
        class="recipeTitle"
      >
        Ingredients
      </h2>
      <p
        class="recipeIngredients"
      >
        2 tablespoons butter, 1/2 pound sliced fresh mushrooms, 1/4 cup chopped onion, 6 tablespoons all-purpose flour, 1/2 teaspoon salt, 1/8 teaspoon pepper, 2 cans (14-1/2 ounces each) chicken broth, 1 cup half-and-half cream
      </p>
      <h2
        class="recipeTitle"
      >
        Cooking Directions
      </h2>
      <p
        class="recipeDetail"
      >
        Step 1: In a large saucepan, heat butter over medium-high heat; saute mushrooms and onion until tender.
      </p>
      <p
        class="recipeDetail"
      >
        Step 2: Mix flour, salt, pepper and 1 can broth until smooth; stir into mushroom mixture. Stir in remaining broth. Bring to a boil; cook and stir until thickened, about 2 minutes. Reduce heat; stir in cream. Simmer, uncovered, until flavors are blended, about 15 minutes, stirring occasionally.
      </p>
    </div>
  </div>
</div>
`;
